// Jest Snapshot v1, https://goo.gl/fbAQLP

exports[`SearchBox should match last snapshot 1`] = `
<div
  class="search form"
>
  <h3>
    Search
  </h3>
   
  <div
    class="row no-gutter"
  >
    <div
      class="col-12 col-md-10 form-item"
    >
      <input
        class="form-control"
        placeholder="What do you need? eg. food, fuel"
        type="text"
      />
    </div>
  </div>
   
  <div
    class="row no-gutter"
  >
    <div
      class="col-12 col-sm-4 form-item"
    >
      <multiselect-stub
        allowempty="true"
        blockkeys=""
        clearonselect="true"
        closeonselect="true"
        customlabel="function () { [native code] }"
        deselectgrouplabel="Press enter to deselect group"
        deselectlabel="Press enter to remove"
        grouplabel="location"
        groupselect="true"
        groupvalues="sublocations"
        internalsearch="true"
        limit="99999"
        limittext="function(t){return\\"and \\".concat(t,\\" more\\")}"
        loading="true"
        maxheight="300"
        name=""
        opendirection=""
        optionheight="40"
        options=""
        optionslimit="1000"
        placeholder="Location"
        searchable="true"
        selectedlabel="Selected"
        selectgrouplabel="Press enter to select group"
        selectlabel="Press enter to select"
        showpointer="true"
        tabindex="0"
        tagplaceholder="Press enter to create a tag"
        tagposition="top"
      >
        <template>
          <!---->
        </template>
      </multiselect-stub>
    </div>
     
    <div
      class="col-12 col-sm-4 form-item"
    >
      <multiselect-stub
        allowempty="true"
        blockkeys=""
        clearonselect="true"
        customlabel="function () { [native code] }"
        deselectgrouplabel="Press enter to deselect group"
        deselectlabel="Press enter to remove"
        grouplabel="category"
        groupselect="true"
        groupvalues="subcategories"
        internalsearch="true"
        limit="99999"
        limittext="function(t){return\\"and \\".concat(t,\\" more\\")}"
        loading="true"
        maxheight="300"
        multiple="true"
        name=""
        opendirection=""
        optionheight="40"
        optionslimit="1000"
        placeholder="Category"
        resetafter="true"
        searchable="true"
        selectedlabel="Selected"
        selectgrouplabel="Press enter to select group"
        selectlabel="Press enter to select"
        shownooptions="true"
        shownoresults="true"
        showpointer="true"
        tabindex="0"
        tagplaceholder="Press enter to create a tag"
        tagposition="top"
      />
    </div>
     
    <div
      class="col-12 col-sm-3 form-submit"
    >
      <button
        class="btn btn-info"
        type="button"
      >
        Search
      </button>
    </div>
  </div>
</div>
`;
